[demo.kitthemes.com/html/rentnow/index.html]
[backblue.gif]
[fade.gif]
[index.html]
[demo.kitthemes.com/html/rentnow/index-2.html]
[demo.kitthemes.com/html/rentnow/cars.html]
[demo.kitthemes.com/html/rentnow/car-search.html]
[demo.kitthemes.com/html/rentnow/car-single.html]
[demo.kitthemes.com/html/rentnow/checkout.html]
[demo.kitthemes.com/html/rentnow/cart.html]
[demo.kitthemes.com/html/rentnow/about.html]
[demo.kitthemes.com/html/rentnow/fullwidth.html]
[demo.kitthemes.com/html/rentnow/right-sidebar.html]
[demo.kitthemes.com/html/rentnow/left-sidebar.html]
[demo.kitthemes.com/html/rentnow/faq.html]
[demo.kitthemes.com/html/rentnow/404.html]
[demo.kitthemes.com/html/rentnow/gallery-col-2.html]
[demo.kitthemes.com/html/rentnow/gallery-col-3.html]
[demo.kitthemes.com/html/rentnow/gallery-col-4.html]
[demo.kitthemes.com/html/rentnow/service.html]
[demo.kitthemes.com/html/rentnow/blog.html]
[demo.kitthemes.com/html/rentnow/blog-grid.html]
[demo.kitthemes.com/html/rentnow/blog-grid-sidebar.html]
[demo.kitthemes.com/html/rentnow/blog-single.html]
[demo.kitthemes.com/html/rentnow/contact.html]
[demo.kitthemes.com/html/rentnow/assets/images/slide1.jpg]
[demo.kitthemes.com/html/rentnow/assets/images/slide2.jpg]
[demo.kitthemes.com/html/rentnow/assets/images/slide3.jpg]
[demo.kitthemes.com/html/rentnow/assets/images/car-1.jpg]
[demo.kitthemes.com/html/rentnow/assets/images/car-2.jpg]
[demo.kitthemes.com/html/rentnow/assets/images/car-3.jpg]
[demo.kitthemes.com/html/rentnow/assets/images/car-4.jpg]
[demo.kitthemes.com/html/rentnow/assets/images/car-7.jpg]
[demo.kitthemes.com/html/rentnow/assets/images/car-8.jpg]
[demo.kitthemes.com/html/rentnow/assets/images/blog-item-sm-1.jpg]
[demo.kitthemes.com/html/rentnow/assets/images/blog-item-sm-2.jpg]
[demo.kitthemes.com/html/rentnow/assets/images/blog-item-sm-3.jpg]
[demo.kitthemes.com/html/rentnow/assets/images/payments.png]
[demo.kitthemes.com/html/rentnow/assets/js/jquery.min.js]
[demo.kitthemes.com/html/rentnow/assets/js/popper.min.js]
[demo.kitthemes.com/html/rentnow/assets/libs/bootstrap/js/bootstrap.min.js]
[demo.kitthemes.com/html/rentnow/assets/libs/flatpickr/flatpickr.min.js]
[demo.kitthemes.com/html/rentnow/assets/js/starrr.min.js]
[demo.kitthemes.com/html/rentnow/assets/js/jquery.magnific-popup.min.js]
[demo.kitthemes.com/html/rentnow/assets/js/scripts.js]
[demo.kitthemes.com/html/rentnow/index.html]
[demo.kitthemes.com/html/rentnow/assets/libs/bootstrap/css/bootstrap.min.css]
[demo.kitthemes.com/html/rentnow/assets/libs/fontawesome/webfonts/fa-brands-400.eot]
[demo.kitthemes.com/html/rentnow/assets/libs/fontawesome/webfonts/fa-brands-400d41d.eot]
[demo.kitthemes.com/html/rentnow/assets/libs/fontawesome/webfonts/fa-brands-400.woff2]
[demo.kitthemes.com/html/rentnow/assets/libs/fontawesome/webfonts/fa-brands-400.woff]
[demo.kitthemes.com/html/rentnow/assets/libs/fontawesome/webfonts/fa-brands-400.ttf]
[demo.kitthemes.com/html/rentnow/assets/libs/fontawesome/webfonts/fa-regular-400.eot]
[demo.kitthemes.com/html/rentnow/assets/libs/fontawesome/webfonts/fa-regular-400d41d.eot]
[demo.kitthemes.com/html/rentnow/assets/libs/fontawesome/webfonts/fa-regular-400.woff2]
[demo.kitthemes.com/html/rentnow/assets/libs/fontawesome/webfonts/fa-regular-400.woff]
[demo.kitthemes.com/html/rentnow/assets/libs/fontawesome/webfonts/fa-regular-400.ttf]
[demo.kitthemes.com/html/rentnow/assets/libs/fontawesome/webfonts/fa-solid-900.eot]
[demo.kitthemes.com/html/rentnow/assets/libs/fontawesome/webfonts/fa-solid-900d41d.eot]
[demo.kitthemes.com/html/rentnow/assets/libs/fontawesome/webfonts/fa-solid-900.woff2]
[demo.kitthemes.com/html/rentnow/assets/libs/fontawesome/webfonts/fa-solid-900.woff]
[demo.kitthemes.com/html/rentnow/assets/libs/fontawesome/webfonts/fa-solid-900.ttf]
[demo.kitthemes.com/html/rentnow/assets/libs/fontawesome/css/fontawesome-all.min.css]
[demo.kitthemes.com/html/rentnow/assets/libs/linearicons/fonts/Linearicons-Free54e9.eot]
[demo.kitthemes.com/html/rentnow/assets/libs/linearicons/fonts/Linearicons-Freed41d.eot]
[demo.kitthemes.com/html/rentnow/assets/libs/linearicons/fonts/Linearicons-Free54e9.woff2]
[demo.kitthemes.com/html/rentnow/assets/libs/linearicons/fonts/Linearicons-Free54e9.woff]
[demo.kitthemes.com/html/rentnow/assets/libs/linearicons/fonts/Linearicons-Free54e9.ttf]
[demo.kitthemes.com/html/rentnow/assets/libs/linearicons/linearicons.css]
[demo.kitthemes.com/html/rentnow/assets/fonts/rentnow98fa.eot]
[demo.kitthemes.com/html/rentnow/assets/fonts/rentnow98fa.ttf]
[demo.kitthemes.com/html/rentnow/assets/fonts/rentnow98fa.woff]
[demo.kitthemes.com/html/rentnow/assets/css/rentnow-icons.css]
[demo.kitthemes.com/html/rentnow/assets/libs/flatpickr/flatpickr.min.css]
[demo.kitthemes.com/html/rentnow/assets/css/magnific-popup.css]
[demo.kitthemes.com/html/rentnow/assets/images/single-car-thumb.jpg]
[demo.kitthemes.com/html/rentnow/assets/images/page-titlebar.jpg]
[demo.kitthemes.com/html/rentnow/assets/images/funfact-bg.jpg]
[demo.kitthemes.com/html/rentnow/assets/images/c2a-bg.jpg]
[demo.kitthemes.com/html/rentnow/assets/images/about-bg-1.jpg]
[demo.kitthemes.com/html/rentnow/assets/css/style.css]
[demo.kitthemes.com/html/rentnow/index-2.html]
[demo.kitthemes.com/html/rentnow/assets/images/logo.svg]
[demo.kitthemes.com/html/rentnow/assets/images/big-banner.png]
[demo.kitthemes.com/html/rentnow/assets/images/car-5.jpg]
[demo.kitthemes.com/html/rentnow/assets/images/car-6.jpg]
[demo.kitthemes.com/html/rentnow/assets/images/car-9.jpg]
[demo.kitthemes.com/html/rentnow/cars.html]
[demo.kitthemes.com/html/rentnow/assets/images/car-search-item-1.jpg]
[demo.kitthemes.com/html/rentnow/assets/images/car-search-item-2.jpg]
[demo.kitthemes.com/html/rentnow/assets/images/car-search-item-3.jpg]
[demo.kitthemes.com/html/rentnow/assets/images/car-search-item-4.jpg]
[demo.kitthemes.com/html/rentnow/car-search.html]
[demo.kitthemes.com/html/rentnow/assets/images/author-1.jpg]
[demo.kitthemes.com/html/rentnow/assets/images/author-2.jpg]
[demo.kitthemes.com/html/rentnow/assets/images/author-3.jpg]
[demo.kitthemes.com/html/rentnow/car-single.html]
[demo.kitthemes.com/html/rentnow/assets/images/cart-item-1.jpg]
[demo.kitthemes.com/html/rentnow/assets/images/cart-item-2.jpg]
[demo.kitthemes.com/html/rentnow/checkout.html]
[demo.kitthemes.com/html/rentnow/cart.html]
[demo.kitthemes.com/html/rentnow/assets/images/about-img.jpg]
[demo.kitthemes.com/html/rentnow/assets/images/team-member-1.jpg]
[demo.kitthemes.com/html/rentnow/assets/images/team-member-2.jpg]
[demo.kitthemes.com/html/rentnow/assets/images/team-member-3.jpg]
[demo.kitthemes.com/html/rentnow/assets/images/partner-1.png]
[demo.kitthemes.com/html/rentnow/assets/images/partner-2.png]
[demo.kitthemes.com/html/rentnow/assets/images/partner-3.png]
[demo.kitthemes.com/html/rentnow/assets/images/partner-4.png]
[demo.kitthemes.com/html/rentnow/about.html]
[demo.kitthemes.com/html/rentnow/fullwidth.html]
[demo.kitthemes.com/html/rentnow/assets/images/banner.png]
[demo.kitthemes.com/html/rentnow/assets/images/blog-item-xs-1.jpg]
[demo.kitthemes.com/html/rentnow/assets/images/blog-item-xs-2.jpg]
[demo.kitthemes.com/html/rentnow/assets/images/blog-item-xs-3.jpg]
[demo.kitthemes.com/html/rentnow/right-sidebar.html]
[demo.kitthemes.com/html/rentnow/left-sidebar.html]
[demo.kitthemes.com/html/rentnow/faq.html]
[demo.kitthemes.com/html/rentnow/404.html]
[demo.kitthemes.com/html/rentnow/assets/images/gallery-1.jpg]
[demo.kitthemes.com/html/rentnow/assets/images/gallery-md-1.jpg]
[demo.kitthemes.com/html/rentnow/assets/images/gallery-2.jpg]
[demo.kitthemes.com/html/rentnow/assets/images/gallery-md-2.jpg]
[demo.kitthemes.com/html/rentnow/assets/images/gallery-3.jpg]
[demo.kitthemes.com/html/rentnow/assets/images/gallery-md-3.jpg]
[demo.kitthemes.com/html/rentnow/assets/images/gallery-4.jpg]
[demo.kitthemes.com/html/rentnow/assets/images/gallery-md-4.jpg]
[demo.kitthemes.com/html/rentnow/assets/images/gallery-5.jpg]
[demo.kitthemes.com/html/rentnow/assets/images/gallery-md-5.jpg]
[demo.kitthemes.com/html/rentnow/assets/images/gallery-6.jpg]
[demo.kitthemes.com/html/rentnow/assets/images/gallery-md-6.jpg]
[demo.kitthemes.com/html/rentnow/gallery-col-2.html]
[demo.kitthemes.com/html/rentnow/assets/images/gallery-sm-1.jpg]
[demo.kitthemes.com/html/rentnow/assets/images/gallery-sm-2.jpg]
[demo.kitthemes.com/html/rentnow/assets/images/gallery-sm-3.jpg]
[demo.kitthemes.com/html/rentnow/assets/images/gallery-sm-4.jpg]
[demo.kitthemes.com/html/rentnow/assets/images/gallery-sm-5.jpg]
[demo.kitthemes.com/html/rentnow/assets/images/gallery-sm-6.jpg]
[demo.kitthemes.com/html/rentnow/assets/images/gallery-7.jpg]
[demo.kitthemes.com/html/rentnow/assets/images/gallery-sm-7.jpg]
[demo.kitthemes.com/html/rentnow/assets/images/gallery-8.jpg]
[demo.kitthemes.com/html/rentnow/assets/images/gallery-sm-8.jpg]
[demo.kitthemes.com/html/rentnow/assets/images/gallery-9.jpg]
[demo.kitthemes.com/html/rentnow/assets/images/gallery-sm-9.jpg]
[demo.kitthemes.com/html/rentnow/gallery-col-3.html]
[demo.kitthemes.com/html/rentnow/assets/images/gallery-xs-1.jpg]
[demo.kitthemes.com/html/rentnow/assets/images/gallery-xs-2.jpg]
[demo.kitthemes.com/html/rentnow/assets/images/gallery-xs-3.jpg]
[demo.kitthemes.com/html/rentnow/assets/images/gallery-xs-4.jpg]
[demo.kitthemes.com/html/rentnow/assets/images/gallery-xs-5.jpg]
[demo.kitthemes.com/html/rentnow/assets/images/gallery-xs-6.jpg]
[demo.kitthemes.com/html/rentnow/assets/images/gallery-xs-7.jpg]
[demo.kitthemes.com/html/rentnow/assets/images/gallery-xs-8.jpg]
[demo.kitthemes.com/html/rentnow/assets/images/gallery-xs-9.jpg]
[demo.kitthemes.com/html/rentnow/assets/images/gallery-10.jpg]
[demo.kitthemes.com/html/rentnow/assets/images/gallery-xs-10.jpg]
[demo.kitthemes.com/html/rentnow/assets/images/gallery-11.jpg]
[demo.kitthemes.com/html/rentnow/assets/images/gallery-xs-11.jpg]
[demo.kitthemes.com/html/rentnow/assets/images/gallery-12.jpg]
[demo.kitthemes.com/html/rentnow/assets/images/gallery-xs-12.jpg]
[demo.kitthemes.com/html/rentnow/gallery-col-4.html]
[demo.kitthemes.com/html/rentnow/service.html]
[demo.kitthemes.com/html/rentnow/assets/images/post-item-1.jpg]
[demo.kitthemes.com/html/rentnow/assets/images/post-item-2.jpg]
[demo.kitthemes.com/html/rentnow/blog.html]
[demo.kitthemes.com/html/rentnow/assets/images/blog-item-sm-4.jpg]
[demo.kitthemes.com/html/rentnow/assets/images/blog-item-sm-5.jpg]
[demo.kitthemes.com/html/rentnow/assets/images/blog-item-sm-6.jpg]
[demo.kitthemes.com/html/rentnow/assets/images/blog-item-sm-7.jpg]
[demo.kitthemes.com/html/rentnow/assets/images/blog-item-sm-8.jpg]
[demo.kitthemes.com/html/rentnow/assets/images/blog-item-sm-9.jpg]
[demo.kitthemes.com/html/rentnow/assets/images/blog-item-sm-10.jpg]
[demo.kitthemes.com/html/rentnow/assets/images/blog-item-sm-11.jpg]
[demo.kitthemes.com/html/rentnow/assets/images/blog-item-sm-12.jpg]
[demo.kitthemes.com/html/rentnow/blog-grid.html]
[demo.kitthemes.com/html/rentnow/blog-grid-sidebar.html]
[demo.kitthemes.com/html/rentnow/assets/images/blog-single.jpg]
[demo.kitthemes.com/html/rentnow/blog-single.html]
[demo.kitthemes.com/html/rentnow/contact.html]
[demo.kitthemes.com/html/rentnow/assets/libs/fontawesome/webfonts/fa-brands-400.svg]
[demo.kitthemes.com/html/rentnow/assets/libs/fontawesome/webfonts/fa-regular-400.svg]
[demo.kitthemes.com/html/rentnow/assets/libs/fontawesome/webfonts/fa-solid-900.svg]
[demo.kitthemes.com/html/rentnow/assets/libs/linearicons/fonts/Linearicons-Free54e9.svg]
[demo.kitthemes.com/html/rentnow/assets/fonts/rentnow98fa.svg]
[demo.kitthemes.com/html/rentnow/assets/images/quote.svg]
[demo.kitthemes.com/html/rentnow/assets/images/404.svg]
